#
# There is insufficient memory for the Java Runtime Environment to continue.
# Native memory allocation (malloc) failed to allocate 131088 bytes. Error detail: Chunk::new
# Possible reasons:
#   The system is out of physical RAM or swap space
#   This process is running with CompressedOops enabled, and the Java Heap may be blocking the growth of the native heap
# Possible solutions:
#   Reduce memory load on the system
#   Increase physical memory or swap space
#   Check if swap backing store is full
#   Decrease Java heap size (-Xmx/-Xms)
#
#  Out of Memory Error
#
# ]

Current CompileTask:
C2:4981 4502       4       org.lombokweb.asm.ClassReader::readMethod (1070 bytes)

Stack: [0x000000a6e9d00000,0x000000a6e9e00000]
Native frames: (J=compiled Java code, j=interpreted, Vv=VM code, C=native code)
V  [jvm.dll+0x6d6e29]
V  [jvm.dll+0x8b4b76]
V  [jvm.dll+0x8b712e]
V  [jvm.dll+0x8b7813]
V  [jvm.dll+0x283d86]
V  [jvm.dll+0xc66ed]
V  [jvm.dll+0xc6c31]
V  [jvm.dll+0xc6815]
V  [jvm.dll+0x6fe041]
V  [jvm.dll+0x1cf5d3]
V  [jvm.dll+0x70030d]
V  [jvm.dll+0x39b5c3]
V  [jvm.dll+0x39b3be]
V  [jvm.dll+0x6ec80d]
V  [jvm.dll+0x6ec86e]
V  [jvm.dll+0x6eef85]
V  [jvm.dll+0x6e9399]
V  [jvm.dll+0x6e8a99]
V  [jvm.dll+0x6e6b3e]
V  [jvm.dll+0x1ce18c]
V  [jvm.dll+0x2f9f1c]
V  [jvm.dll+0x6f12e8]
V  [jvm.dll+0x6e9399]
V  [jvm.dll+0x6e8a99]
V  [jvm.dll+0x6e6b3e]
V  [jvm.dll+0x1ce18c]
V  [jvm.dll+0x1ced2e]
V  [jvm.dll+0x2f9f1c]
V  [jvm.dll+0x6f12e8]
V  [jvm.dll+0x6e9399]
V  [jvm.dll+0x6e8a99]
V  [jvm.dll+0x6e6b3e]
V  [jvm.dll+0x1ce18c]
V  [jvm.dll+0x2f9f1c]
V  [jvm.dll+0x6f12e8]
V  [jvm.dll+0x6e9399]
V  [jvm.dll+0x6e8a99]
V  [jvm.dll+0x6e6b3e]
V  [jvm.dll+0x1ce18c]
V  [jvm.dll+0x2f9f1c]
V  [jvm.dll+0x6f12e8]
V  [jvm.dll+0x6e9399]
V  [jvm.dll+0x6e8a99]
V  [jvm.dll+0x6e6b3e]
V  [jvm.dll+0x1ce18c]
V  [jvm.dll+0x1ced2e]
V  [jvm.dll+0x1ced2e]
V  [jvm.dll+0x2f9f1c]
V  [jvm.dll+0x6f12e8]
V  [jvm.dll+0x6e9399]
V  [jvm.dll+0x6e8a99]
V  [jvm.dll+0x6e6b3e]
V  [jvm.dll+0x1ce18c]
V  [jvm.dll+0x2f9f1c]
V  [jvm.dll+0x6f12e8]
V  [jvm.dll+0x6e9399]
V  [jvm.dll+0x6e8a99]
V  [jvm.dll+0x6e6b3e]
V  [jvm.dll+0x1ce18c]
V  [jvm.dll+0x1ced2e]
V  [jvm.dll+0x1ced2e]
V  [jvm.dll+0x2f9f1c]
V  [jvm.dll+0x6f12e8]
V  [jvm.dll+0x6e9399]
V  [jvm.dll+0x6e8a99]
V  [jvm.dll+0x6e6b3e]
V  [jvm.dll+0x1ce18c]
V  [jvm.dll+0x24b129]
V  [jvm.dll+0x1cb13e]
V  [jvm.dll+0x25b29d]
V  [jvm.dll+0x25982a]
V  [jvm.dll+0x3f7ea6]
V  [jvm.dll+0x85e9ad]
V  [jvm.dll+0x6d565d]
C  [ucrtbase.dll+0x37b0]
C  [KERNEL32.DLL+0x2e8d7]
C  [ntdll.dll+0x8c53c]


---------------  P R O C E S S  ---------------

Threads class SMR info:
_java_thread_list=0x0000028eeae26b00, length=27, elements={
0x0000028e8b655300, 0x0000028ee31ed3b0, 0x0000028e8b708e10, 0x0000028e8b70b590,
0x0000028e8b70c1e0, 0x0000028ee31edfa0, 0x0000028ee31ef2c0, 0x0000028ee31f2af0,
0x0000028ee31fa580, 0x0000028ee46b3180, 0x0000028ee48131e0, 0x0000028ee484c490,
0x0000028eea009470, 0x0000028eea963bb0, 0x0000028eeabbc110, 0x0000028eea8c5220,
0x0000028eea8c9160, 0x0000028eeb3b7050, 0x0000028eeaf5ff80, 0x0000028eeb1fa350,
0x0000028eeb1fb070, 0x0000028eeb1f9cc0, 0x0000028eeb1fb700, 0x0000028eeb3a20a0,
0x0000028eebbae520, 0x0000028eeb552590, 0x0000028eeb1fc420
}

Java Threads: ( => current thread )
  0x0000028e8b655300 JavaThread "main"                              [_thread_blocked, id=56636, stack(0x000000a6e7700000,0x000000a6e7800000) (1024K)]
  0x0000028ee31ed3b0 JavaThread "Reference Handler"          daemon [_thread_blocked, id=7160, stack(0x000000a6e7b00000,0x000000a6e7c00000) (1024K)]
  0x0000028e8b708e10 JavaThread "Finalizer"                  daemon [_thread_blocked, id=40676, stack(0x000000a6e7c00000,0x000000a6e7d00000) (1024K)]
  0x0000028e8b70b590 JavaThread "Signal Dispatcher"          daemon [_thread_blocked, id=56428, stack(0x000000a6e7d00000,0x000000a6e7e00000) (1024K)]
  0x0000028e8b70c1e0 JavaThread "Attach Listener"            daemon [_thread_blocked, id=53224, stack(0x000000a6e7e00000,0x000000a6e7f00000) (1024K)]
  0x0000028ee31edfa0 JavaThread "Service Thread"             daemon [_thread_blocked, id=39128, stack(0x000000a6e7f00000,0x000000a6e8000000) (1024K)]
  0x0000028ee31ef2c0 JavaThread "Monitor Deflation Thread"   daemon [_thread_blocked, id=56080, stack(0x000000a6e8000000,0x000000a6e8100000) (1024K)]
  0x0000028ee31f2af0 JavaThread "C2 CompilerThread0"         daemon [_thread_blocked, id=50408, stack(0x000000a6e8100000,0x000000a6e8200000) (1024K)]
  0x0000028ee31fa580 JavaThread "C1 CompilerThread0"         daemon [_thread_blocked, id=33108, stack(0x000000a6e8200000,0x000000a6e8300000) (1024K)]
  0x0000028ee46b3180 JavaThread "C1 CompilerThread1"         daemon [_thread_blocked, id=52216, stack(0x000000a6e8300000,0x000000a6e8400000) (1024K)]
  0x0000028ee48131e0 JavaThread "Common-Cleaner"             daemon [_thread_blocked, id=45224, stack(0x000000a6e8500000,0x000000a6e8600000) (1024K)]
  0x0000028ee484c490 JavaThread "C1 CompilerThread2"         daemon [_thread_blocked, id=42504, stack(0x000000a6e8600000,0x000000a6e8700000) (1024K)]
  0x0000028eea009470 JavaThread "Notification Thread"        daemon [_thread_blocked, id=53296, stack(0x000000a6e8700000,0x000000a6e8800000) (1024K)]
  0x0000028eea963bb0 JavaThread "Active Thread: Equinox Container: 3e50ac7f-7dad-42bc-a378-cd55c54b7ba2"        [_thread_blocked, id=50048, stack(0x000000a6e9000000,0x000000a6e9100000) (1024K)]
  0x0000028eeabbc110 JavaThread "Refresh Thread: Equinox Container: 3e50ac7f-7dad-42bc-a378-cd55c54b7ba2" daemon [_thread_blocked, id=33492, stack(0x000000a6e9200000,0x000000a6e9300000) (1024K)]
  0x0000028eea8c5220 JavaThread "Framework Event Dispatcher: Equinox Container: 3e50ac7f-7dad-42bc-a378-cd55c54b7ba2" daemon [_thread_blocked, id=34268, stack(0x000000a6e9300000,0x000000a6e9400000) (1024K)]
  0x0000028eea8c9160 JavaThread "Start Level: Equinox Container: 3e50ac7f-7dad-42bc-a378-cd55c54b7ba2" daemon [_thread_in_vm, id=50864, stack(0x000000a6e9400000,0x000000a6e9500000) (1024K)]
  0x0000028eeb3b7050 JavaThread "Bundle File Closer"         daemon [_thread_blocked, id=49320, stack(0x000000a6e9800000,0x000000a6e9900000) (1024K)]
  0x0000028eeaf5ff80 JavaThread "SCR Component Actor"        daemon [_thread_blocked, id=47516, stack(0x000000a6e8400000,0x000000a6e8500000) (1024K)]
  0x0000028eeb1fa350 JavaThread "Worker-JM"                         [_thread_blocked, id=34480, stack(0x000000a6e9a00000,0x000000a6e9b00000) (1024K)]
  0x0000028eeb1fb070 JavaThread "JNA Cleaner"                daemon [_thread_blocked, id=15148, stack(0x000000a6e8800000,0x000000a6e8900000) (1024K)]
  0x0000028eeb1f9cc0 JavaThread "Worker-0"                          [_thread_blocked, id=20176, stack(0x000000a6e9b00000,0x000000a6e9c00000) (1024K)]
  0x0000028eeb1fb700 JavaThread "Worker-1"                          [_thread_blocked, id=55944, stack(0x000000a6e9c00000,0x000000a6e9d00000) (1024K)]
=>0x0000028eeb3a20a0 JavaThread "C2 CompilerThread1"         daemon [_thread_in_native, id=7388, stack(0x000000a6e9d00000,0x000000a6e9e00000) (1024K)]
  0x0000028eebbae520 JavaThread "C1 CompilerThread3"         daemon [_thread_blocked, id=47108, stack(0x000000a6e9e00000,0x000000a6e9f00000) (1024K)]
  0x0000028eeb552590 JavaThread "C2 CompilerThread2"         daemon [_thread_blocked, id=38384, stack(0x000000a6e9f00000,0x000000a6ea000000) (1024K)]
  0x0000028eeb1fc420 JavaThread "Worker-2"                          [_thread_blocked, id=54212, stack(0x000000a6ea000000,0x000000a6ea100000) (1024K)]
Total: 27

Other Threads:
  0x0000028ee31e4110 VMThread "VM Thread"                           [id=54456, stack(0x000000a6e7a00000,0x000000a6e7b00000) (1024K)]
  0x0000028ee30dc950 WatcherThread "VM Periodic Task Thread"        [id=11452, stack(0x000000a6e7900000,0x000000a6e7a00000) (1024K)]
  0x0000028e8b672700 WorkerThread "GC Thread#0"                     [id=55564, stack(0x000000a6e7800000,0x000000a6e7900000) (1024K)]
  0x0000028eeaad6010 WorkerThread "GC Thread#1"                     [id=39908, stack(0x000000a6e8900000,0x000000a6e8a00000) (1024K)]
  0x0000028eea26dfe0 WorkerThread "GC Thread#2"                     [id=50096, stack(0x000000a6e8a00000,0x000000a6e8b00000) (1024K)]
  0x0000028eea26e380 WorkerThread "GC Thread#3"                     [id=17932, stack(0x000000a6e8b00000,0x000000a6e8c00000) (1024K)]
  0x0000028eea26e720 WorkerThread "GC Thread#4"                     [id=32204, stack(0x000000a6e8c00000,0x000000a6e8d00000) (1024K)]
  0x0000028eea59fd40 WorkerThread "GC Thread#5"                     [id=52372, stack(0x000000a6e8d00000,0x000000a6e8e00000) (1024K)]
  0x0000028eea5a08f0 WorkerThread "GC Thread#6"                     [id=34296, stack(0x000000a6e8e00000,0x000000a6e8f00000) (1024K)]
  0x0000028eead251a0 WorkerThread "GC Thread#7"                     [id=13060, stack(0x000000a6e9100000,0x000000a6e9200000) (1024K)]
  0x0000028eead9da60 WorkerThread "GC Thread#8"                     [id=49292, stack(0x000000a6e9500000,0x000000a6e9600000) (1024K)]
  0x0000028eeaed48d0 WorkerThread "GC Thread#9"                     [id=47824, stack(0x000000a6e9600000,0x000000a6e9700000) (1024K)]
  0x0000028eeaed5e90 WorkerThread "GC Thread#10"                    [id=51636, stack(0x000000a6e9700000,0x000000a6e9800000) (1024K)]
  0x0000028eeaed5010 WorkerThread "GC Thread#11"                    [id=41768, stack(0x000000a6e8f00000,0x000000a6e9000000) (1024K)]
  0x0000028eeaed53b0 WorkerThread "GC Thread#12"                    [id=50852, stack(0x000000a6e9900000,0x000000a6e9a00000) (1024K)]
Total: 15

Threads with active compile tasks:
C2 CompilerThread1  5046 4502       4       org.lombokweb.asm.ClassReader::readMethod (1070 bytes)
Total: 1

VM state: not at safepoint (normal execution)

VM Mutex/Monitor currently owned by a thread:  ([mutex/lock_event])
[0x00007ffd85aeb4f0] Metaspace_lock - owner thread: 0x0000028eea8c9160

Heap address: 0x0000000080000000, size: 2048 MB, Compressed Oops mode: 32-bit

CDS archive(s) mapped at: [0x0000028ea2000000-0x0000028ea2ba0000-0x0000028ea2ba0000), size 12189696, SharedBaseAddress: 0x0000028ea2000000, ArchiveRelocationMode: 1.
Compressed class space mapped at: 0x0000028ea3000000-0x0000028ee3000000, reserved size: 1073741824
Narrow klass base: 0x0000028ea2000000, Narrow klass shift: 0, Narrow klass range: 0x100000000

GC Precious Log:
 CardTable entry size: 512
 CPUs: 16 total, 16 available
 Memory: 16125M
 Large Page Support: Disabled
 NUMA Support: Disabled
 Compressed Oops: Enabled (32-bit)
 Alignments: Space 512K, Generation 512K, Heap 2M
 Heap Min Capacity: 100M
 Heap Initial Capacity: 100M
 Heap Max Capacity: 2G
 Pre-touch: Disabled
 Parallel Workers: 13

Heap:
 PSYoungGen      total 27648K, used 23378K [0x00000000d5580000, 0x00000000d7600000, 0x0000000100000000)
  eden space 24064K, 83% used [0x00000000d5580000,0x00000000d690fb58,0x00000000d6d00000)
  from space 3584K, 93% used [0x00000000d7280000,0x00000000d75c4e40,0x00000000d7600000)
  to   space 4096K, 0% used [0x00000000d6e00000,0x00000000d6e00000,0x00000000d7200000)
 ParOldGen       total 68608K, used 13001K [0x0000000080000000, 0x0000000084300000, 0x00000000d5580000)
  object space 68608K, 18% used [0x0000000080000000,0x0000000080cb2578,0x0000000084300000)
 Metaspace       used 25857K, committed 26752K, reserved 1114112K
  class space    used 2607K, committed 3008K, reserved 1048576K

Card table byte_map: [0x0000028e8b000000,0x0000028e8b410000] _byte_map_base: 0x0000028e8ac00000

Marking Bits: (ParMarkBitMap*) 0x00007ffd85af2460
 Begin Bits: [0x0000028e9db00000, 0x0000028e9fb00000)
 End Bits:   [0x0000028e9fb00000, 0x0000028ea1b00000)

Polling page: 0x0000028e89740000

Metaspace:

Usage:
  Non-class:     22.71 MB used.
      Class:      2.55 MB used.
       Both:     25.25 MB used.

Virtual space:
  Non-class space:       64.00 MB reserved,      23.19 MB ( 36%) committed,  1 nodes.
      Class space:        1.00 GB reserved,       2.94 MB ( <1%) committed,  1 nodes.
             Both:        1.06 GB reserved,      26.12 MB (  2%) committed. 

Chunk freelists:
   Non-Class:  8.55 MB
       Class:  12.97 MB
        Both:  21.52 MB

MaxMetaspaceSize: unlimited
CompressedClassSpaceSize: 1.00 GB
Initial GC threshold: 21.00 MB
Current GC threshold: 35.00 MB
CDS: on
 - commit_granule_bytes: 65536.
 - commit_granule_words: 8192.
 - virtual_space_node_default_size: 8388608.
 - enlarge_chunks_in_place: 1.
 - use_allocation_guard: 0.


Internal statistics:

num_allocs_failed_limit: 3.
num_arena_births: 824.
num_arena_deaths: 14.
num_vsnodes_births: 2.
num_vsnodes_deaths: 0.
num_space_committed: 418.
num_space_uncommitted: 0.
num_chunks_returned_to_freelist: 17.
num_chunks_taken_from_freelist: 1885.
num_chunk_merges: 7.
num_chunk_splits: 1207.
num_chunks_enlarged: 731.
num_inconsistent_stats: 0.

CodeHeap 'non-profiled nmethods': size=119168Kb used=2000Kb max_used=2000Kb free=117167Kb
 bounds [0x0000028e963f0000, 0x0000028e96660000, 0x0000028e9d850000]
CodeHeap 'profiled nmethods': size=119104Kb used=9682Kb max_used=9682Kb free=109421Kb
 bounds [0x0000028e8e850000, 0x0000028e8f1d0000, 0x0000028e95ca0000]
CodeHeap 'non-nmethods': size=7488Kb used=3024Kb max_used=3038Kb free=4463Kb
 bounds [0x0000028e95ca0000, 0x0000028e95fa0000, 0x0000028e963f0000]
CodeCache: size=245760Kb, used=14706Kb, max_used=14720Kb, free=231051Kb
 total_blobs=5112, nmethods=4500, adapters=515, full_count=0
Compilation: enabled, stopped_count=0, restarted_count=0

Compilation events (20 events):
Event: 4.955 Thread 0x0000028eebbae520 4493 %     3       org.lombokweb.asm.SymbolTable::<init> @ 98 (554 bytes)
Event: 4.955 Thread 0x0000028ee484c490 4494       3       java.util.regex.Pattern$BranchConn::match (11 bytes)
Event: 4.955 Thread 0x0000028ee484c490 nmethod 4494 0x0000028e8f1b5510 code [0x0000028e8f1b56c0, 0x0000028e8f1b5898]
Event: 4.956 Thread 0x0000028eeb3a20a0 nmethod 4492 0x0000028e965e3b10 code [0x0000028e965e3ca0, 0x0000028e965e3e68]
Event: 4.957 Thread 0x0000028eebbae520 nmethod 4493% 0x0000028e8f1b5990 code [0x0000028e8f1b5fa0, 0x0000028e8f1b8c30]
Event: 4.970 Thread 0x0000028eebbae520 4495       3       org.lombokweb.asm.ClassReader::<init> (359 bytes)
Event: 4.970 Thread 0x0000028ee46b3180 4496       3       org.lombokweb.asm.SymbolTable::<init> (554 bytes)
Event: 4.971 Thread 0x0000028eebbae520 nmethod 4495 0x0000028e8f1b9e90 code [0x0000028e8f1ba180, 0x0000028e8f1bb340]
Event: 4.971 Thread 0x0000028eebbae520 4497       3       org.lombokweb.asm.MethodVisitor::visitJumpInsn (17 bytes)
Event: 4.971 Thread 0x0000028ee484c490 4498       3       org.lombokweb.asm.MethodVisitor::visitMethodInsn (80 bytes)
Event: 4.971 Thread 0x0000028ee31fa580 4499       1       lombok.patcher.MethodLogistics::getReturnOpcode (5 bytes)
Event: 4.971 Thread 0x0000028eebbae520 nmethod 4497 0x0000028e8f1bb910 code [0x0000028e8f1bbac0, 0x0000028e8f1bbcc8]
Event: 4.971 Thread 0x0000028ee31fa580 nmethod 4499 0x0000028e965e3f90 code [0x0000028e965e4120, 0x0000028e965e41e8]
Event: 4.971 Thread 0x0000028ee484c490 nmethod 4498 0x0000028e8f1bbd90 code [0x0000028e8f1bbf80, 0x0000028e8f1bc428]
Event: 4.971 Thread 0x0000028ee31fa580 4500       3       org.lombokweb.asm.MethodWriter::visitLabel (332 bytes)
Event: 4.971 Thread 0x0000028ee484c490 4501       3       org.lombokweb.asm.MethodWriter::visitFrame (811 bytes)
Event: 4.972 Thread 0x0000028eeb3a20a0 4502       4       org.lombokweb.asm.ClassReader::readMethod (1070 bytes)
Event: 4.972 Thread 0x0000028ee46b3180 nmethod 4496 0x0000028e8f1bc590 code [0x0000028e8f1bcb60, 0x0000028e8f1bf4a8]
Event: 4.972 Thread 0x0000028ee31fa580 nmethod 4500 0x0000028e8f1c0710 code [0x0000028e8f1c0960, 0x0000028e8f1c1258]
Event: 4.973 Thread 0x0000028ee484c490 nmethod 4501 0x0000028e8f1c1490 code [0x0000028e8f1c19e0, 0x0000028e8f1c3c50]

GC Heap History (18 events):
Event: 0.789 GC heap before
{Heap before GC invocations=1 (full 0):
 PSYoungGen      total 29696K, used 25600K [0x00000000d5580000, 0x00000000d7680000, 0x0000000100000000)
  eden space 25600K, 100% used [0x00000000d5580000,0x00000000d6e80000,0x00000000d6e80000)
  from space 4096K, 0% used [0x00000000d7280000,0x00000000d7280000,0x00000000d7680000)
  to   space 4096K, 0% used [0x00000000d6e80000,0x00000000d6e80000,0x00000000d7280000)
 ParOldGen       total 68608K, used 0K [0x0000000080000000, 0x0000000084300000, 0x00000000d5580000)
  object space 68608K, 0% used [0x0000000080000000,0x0000000080000000,0x0000000084300000)
 Metaspace       used 4210K, committed 4480K, reserved 1114112K
  class space    used 464K, committed 576K, reserved 1048576K
}
Event: 0.800 GC heap after
{Heap after GC invocations=1 (full 0):
 PSYoungGen      total 29696K, used 3883K [0x00000000d5580000, 0x00000000d7680000, 0x0000000100000000)
  eden space 25600K, 0% used [0x00000000d5580000,0x00000000d5580000,0x00000000d6e80000)
  from space 4096K, 94% used [0x00000000d6e80000,0x00000000d724aff0,0x00000000d7280000)
  to   space 4096K, 0% used [0x00000000d7280000,0x00000000d7280000,0x00000000d7680000)
 ParOldGen       total 68608K, used 16K [0x0000000080000000, 0x0000000084300000, 0x00000000d5580000)
  object space 68608K, 0% used [0x0000000080000000,0x0000000080004000,0x0000000084300000)
 Metaspace       used 4210K, committed 4480K, reserved 1114112K
  class space    used 464K, committed 576K, reserved 1048576K
}
Event: 1.298 GC heap before
{Heap before GC invocations=2 (full 0):
 PSYoungGen      total 29696K, used 29483K [0x00000000d5580000, 0x00000000d7680000, 0x0000000100000000)
  eden space 25600K, 100% used [0x00000000d5580000,0x00000000d6e80000,0x00000000d6e80000)
  from space 4096K, 94% used [0x00000000d6e80000,0x00000000d724aff0,0x00000000d7280000)
  to   space 4096K, 0% used [0x00000000d7280000,0x00000000d7280000,0x00000000d7680000)
 ParOldGen       total 68608K, used 16K [0x0000000080000000, 0x0000000084300000, 0x00000000d5580000)
  object space 68608K, 0% used [0x0000000080000000,0x0000000080004000,0x0000000084300000)
 Metaspace       used 7893K, committed 8192K, reserved 1114112K
  class space    used 818K, committed 960K, reserved 1048576K
}
Event: 1.305 GC heap after
{Heap after GC invocations=2 (full 0):
 PSYoungGen      total 29696K, used 4065K [0x00000000d5580000, 0x00000000d7680000, 0x0000000100000000)
  eden space 25600K, 0% used [0x00000000d5580000,0x00000000d5580000,0x00000000d6e80000)
  from space 4096K, 99% used [0x00000000d7280000,0x00000000d7678490,0x00000000d7680000)
  to   space 4096K, 0% used [0x00000000d6e80000,0x00000000d6e80000,0x00000000d7280000)
 ParOldGen       total 68608K, used 2076K [0x0000000080000000, 0x0000000084300000, 0x00000000d5580000)
  object space 68608K, 3% used [0x0000000080000000,0x00000000802071a0,0x0000000084300000)
 Metaspace       used 7893K, committed 8192K, reserved 1114112K
  class space    used 818K, committed 960K, reserved 1048576K
}
Event: 1.657 GC heap before
{Heap before GC invocations=3 (full 0):
 PSYoungGen      total 29696K, used 29665K [0x00000000d5580000, 0x00000000d7680000, 0x0000000100000000)
  eden space 25600K, 100% used [0x00000000d5580000,0x00000000d6e80000,0x00000000d6e80000)
  from space 4096K, 99% used [0x00000000d7280000,0x00000000d7678490,0x00000000d7680000)
  to   space 4096K, 0% used [0x00000000d6e80000,0x00000000d6e80000,0x00000000d7280000)
 ParOldGen       total 68608K, used 2076K [0x0000000080000000, 0x0000000084300000, 0x00000000d5580000)
  object space 68608K, 3% used [0x0000000080000000,0x00000000802071a0,0x0000000084300000)
 Metaspace       used 9511K, committed 9856K, reserved 1114112K
  class space    used 1011K, committed 1152K, reserved 1048576K
}
Event: 1.662 GC heap after
{Heap after GC invocations=3 (full 0):
 PSYoungGen      total 29696K, used 4074K [0x00000000d5580000, 0x00000000d7680000, 0x0000000100000000)
  eden space 25600K, 0% used [0x00000000d5580000,0x00000000d5580000,0x00000000d6e80000)
  from space 4096K, 99% used [0x00000000d6e80000,0x00000000d727ab78,0x00000000d7280000)
  to   space 4096K, 0% used [0x00000000d7280000,0x00000000d7280000,0x00000000d7680000)
 ParOldGen       total 68608K, used 4446K [0x0000000080000000, 0x0000000084300000, 0x00000000d5580000)
  object space 68608K, 6% used [0x0000000080000000,0x0000000080457b40,0x0000000084300000)
 Metaspace       used 9511K, committed 9856K, reserved 1114112K
  class space    used 1011K, committed 1152K, reserved 1048576K
}
Event: 2.603 GC heap before
{Heap before GC invocations=4 (full 0):
 PSYoungGen      total 29696K, used 29674K [0x00000000d5580000, 0x00000000d7680000, 0x0000000100000000)
  eden space 25600K, 100% used [0x00000000d5580000,0x00000000d6e80000,0x00000000d6e80000)
  from space 4096K, 99% used [0x00000000d6e80000,0x00000000d727ab78,0x00000000d7280000)
  to   space 4096K, 0% used [0x00000000d7280000,0x00000000d7280000,0x00000000d7680000)
 ParOldGen       total 68608K, used 4446K [0x0000000080000000, 0x0000000084300000, 0x00000000d5580000)
  object space 68608K, 6% used [0x0000000080000000,0x0000000080457b40,0x0000000084300000)
 Metaspace       used 11569K, committed 11968K, reserved 1114112K
  class space    used 1213K, committed 1408K, reserved 1048576K
}
Event: 2.609 GC heap after
{Heap after GC invocations=4 (full 0):
 PSYoungGen      total 29696K, used 4088K [0x00000000d5580000, 0x00000000d7680000, 0x0000000100000000)
  eden space 25600K, 0% used [0x00000000d5580000,0x00000000d5580000,0x00000000d6e80000)
  from space 4096K, 99% used [0x00000000d7280000,0x00000000d767e070,0x00000000d7680000)
  to   space 4096K, 0% used [0x00000000d6e80000,0x00000000d6e80000,0x00000000d7280000)
 ParOldGen       total 68608K, used 6641K [0x0000000080000000, 0x0000000084300000, 0x00000000d5580000)
  object space 68608K, 9% used [0x0000000080000000,0x000000008067c740,0x0000000084300000)
 Metaspace       used 11569K, committed 11968K, reserved 1114112K
  class space    used 1213K, committed 1408K, reserved 1048576K
}
Event: 3.315 GC heap before
{Heap before GC invocations=5 (full 0):
 PSYoungGen      total 29696K, used 29688K [0x00000000d5580000, 0x00000000d7680000, 0x0000000100000000)
  eden space 25600K, 100% used [0x00000000d5580000,0x00000000d6e80000,0x00000000d6e80000)
  from space 4096K, 99% used [0x00000000d7280000,0x00000000d767e070,0x00000000d7680000)
  to   space 4096K, 0% used [0x00000000d6e80000,0x00000000d6e80000,0x00000000d7280000)
 ParOldGen       total 68608K, used 6641K [0x0000000080000000, 0x0000000084300000, 0x00000000d5580000)
  object space 68608K, 9% used [0x0000000080000000,0x000000008067c740,0x0000000084300000)
 Metaspace       used 15523K, committed 16128K, reserved 1114112K
  class space    used 1597K, committed 1856K, reserved 1048576K
}
Event: 3.323 GC heap after
{Heap after GC invocations=5 (full 0):
 PSYoungGen      total 29184K, used 4071K [0x00000000d5580000, 0x00000000d7900000, 0x0000000100000000)
  eden space 25088K, 0% used [0x00000000d5580000,0x00000000d5580000,0x00000000d6e00000)
  from space 4096K, 99% used [0x00000000d6e80000,0x00000000d7279f40,0x00000000d7280000)
  to   space 5632K, 0% used [0x00000000d7380000,0x00000000d7380000,0x00000000d7900000)
 ParOldGen       total 68608K, used 7747K [0x0000000080000000, 0x0000000084300000, 0x00000000d5580000)
  object space 68608K, 11% used [0x0000000080000000,0x0000000080790e28,0x0000000084300000)
 Metaspace       used 15523K, committed 16128K, reserved 1114112K
  class space    used 1597K, committed 1856K, reserved 1048576K
}
Event: 4.295 GC heap before
{Heap before GC invocations=6 (full 0):
 PSYoungGen      total 29184K, used 29159K [0x00000000d5580000, 0x00000000d7900000, 0x0000000100000000)
  eden space 25088K, 100% used [0x00000000d5580000,0x00000000d6e00000,0x00000000d6e00000)
  from space 4096K, 99% used [0x00000000d6e80000,0x00000000d7279f40,0x00000000d7280000)
  to   space 5632K, 0% used [0x00000000d7380000,0x00000000d7380000,0x00000000d7900000)
 ParOldGen       total 68608K, used 7747K [0x0000000080000000, 0x0000000084300000, 0x00000000d5580000)
  object space 68608K, 11% used [0x0000000080000000,0x0000000080790e28,0x0000000084300000)
 Metaspace       used 18704K, committed 19392K, reserved 1114112K
  class space    used 1954K, committed 2240K, reserved 1048576K
}
Event: 4.300 GC heap after
{Heap after GC invocations=6 (full 0):
 PSYoungGen      total 30208K, used 5124K [0x00000000d5580000, 0x00000000d7900000, 0x0000000100000000)
  eden space 24576K, 0% used [0x00000000d5580000,0x00000000d5580000,0x00000000d6d80000)
  from space 5632K, 90% used [0x00000000d7380000,0x00000000d78812e0,0x00000000d7900000)
  to   space 5632K, 0% used [0x00000000d6e00000,0x00000000d6e00000,0x00000000d7380000)
 ParOldGen       total 68608K, used 7755K [0x0000000080000000, 0x0000000084300000, 0x00000000d5580000)
  object space 68608K, 11% used [0x0000000080000000,0x0000000080792e28,0x0000000084300000)
 Metaspace       used 18704K, committed 19392K, reserved 1114112K
  class space    used 1954K, committed 2240K, reserved 1048576K
}
Event: 4.564 GC heap before
{Heap before GC invocations=7 (full 0):
 PSYoungGen      total 30208K, used 24687K [0x00000000d5580000, 0x00000000d7900000, 0x0000000100000000)
  eden space 24576K, 79% used [0x00000000d5580000,0x00000000d689abb8,0x00000000d6d80000)
  from space 5632K, 90% used [0x00000000d7380000,0x00000000d78812e0,0x00000000d7900000)
  to   space 5632K, 0% used [0x00000000d6e00000,0x00000000d6e00000,0x00000000d7380000)
 ParOldGen       total 68608K, used 7755K [0x0000000080000000, 0x0000000084300000, 0x00000000d5580000)
  object space 68608K, 11% used [0x0000000080000000,0x0000000080792e28,0x0000000084300000)
 Metaspace       used 20677K, committed 21504K, reserved 1114112K
  class space    used 2195K, committed 2560K, reserved 1048576K
}
Event: 4.569 GC heap after
{Heap after GC invocations=7 (full 0):
 PSYoungGen      total 29184K, used 4286K [0x00000000d5580000, 0x00000000d7780000, 0x0000000100000000)
  eden space 24576K, 0% used [0x00000000d5580000,0x00000000d5580000,0x00000000d6d80000)
  from space 4608K, 93% used [0x00000000d6e00000,0x00000000d722faa0,0x00000000d7280000)
  to   space 5120K, 0% used [0x00000000d7280000,0x00000000d7280000,0x00000000d7780000)
 ParOldGen       total 68608K, used 9359K [0x0000000080000000, 0x0000000084300000, 0x00000000d5580000)
  object space 68608K, 13% used [0x0000000080000000,0x0000000080923db0,0x0000000084300000)
 Metaspace       used 20677K, committed 21504K, reserved 1114112K
  class space    used 2195K, committed 2560K, reserved 1048576K
}
Event: 4.569 GC heap before
{Heap before GC invocations=8 (full 1):
 PSYoungGen      total 29184K, used 4286K [0x00000000d5580000, 0x00000000d7780000, 0x0000000100000000)
  eden space 24576K, 0% used [0x00000000d5580000,0x00000000d5580000,0x00000000d6d80000)
  from space 4608K, 93% used [0x00000000d6e00000,0x00000000d722faa0,0x00000000d7280000)
  to   space 5120K, 0% used [0x00000000d7280000,0x00000000d7280000,0x00000000d7780000)
 ParOldGen       total 68608K, used 9359K [0x0000000080000000, 0x0000000084300000, 0x00000000d5580000)
  object space 68608K, 13% used [0x0000000080000000,0x0000000080923db0,0x0000000084300000)
 Metaspace       used 20677K, committed 21504K, reserved 1114112K
  class space    used 2195K, committed 2560K, reserved 1048576K
}
Event: 4.602 GC heap after
{Heap after GC invocations=8 (full 1):
 PSYoungGen      total 29184K, used 0K [0x00000000d5580000, 0x00000000d7780000, 0x0000000100000000)
  eden space 24576K, 0% used [0x00000000d5580000,0x00000000d5580000,0x00000000d6d80000)
  from space 4608K, 0% used [0x00000000d6e00000,0x00000000d6e00000,0x00000000d7280000)
  to   space 5120K, 0% used [0x00000000d7280000,0x00000000d7280000,0x00000000d7780000)
 ParOldGen       total 68608K, used 12993K [0x0000000080000000, 0x0000000084300000, 0x00000000d5580000)
  object space 68608K, 18% used [0x0000000080000000,0x0000000080cb0578,0x0000000084300000)
 Metaspace       used 20665K, committed 21504K, reserved 1114112K
  class space    used 2191K, committed 2560K, reserved 1048576K
}
Event: 4.848 GC heap before
{Heap before GC invocations=9 (full 1):
 PSYoungGen      total 29184K, used 24576K [0x00000000d5580000, 0x00000000d7780000, 0x0000000100000000)
  eden space 24576K, 100% used [0x00000000d5580000,0x00000000d6d80000,0x00000000d6d80000)
  from space 4608K, 0% used [0x00000000d6e00000,0x00000000d6e00000,0x00000000d7280000)
  to   space 5120K, 0% used [0x00000000d7280000,0x00000000d7280000,0x00000000d7780000)
 ParOldGen       total 68608K, used 12993K [0x0000000080000000, 0x0000000084300000, 0x00000000d5580000)
  object space 68608K, 18% used [0x0000000080000000,0x0000000080cb0578,0x0000000084300000)
 Metaspace       used 22574K, committed 23488K, reserved 1114112K
  class space    used 2365K, committed 2752K, reserved 1048576K
}
Event: 4.850 GC heap after
{Heap after GC invocations=9 (full 1):
 PSYoungGen      total 27648K, used 3347K [0x00000000d5580000, 0x00000000d7600000, 0x0000000100000000)
  eden space 24064K, 0% used [0x00000000d5580000,0x00000000d5580000,0x00000000d6d00000)
  from space 3584K, 93% used [0x00000000d7280000,0x00000000d75c4e40,0x00000000d7600000)
  to   space 4096K, 0% used [0x00000000d6e00000,0x00000000d6e00000,0x00000000d7200000)
 ParOldGen       total 68608K, used 13001K [0x0000000080000000, 0x0000000084300000, 0x00000000d5580000)
  object space 68608K, 18% used [0x0000000080000000,0x0000000080cb2578,0x0000000084300000)
 Metaspace       used 22574K, committed 23488K, reserved 1114112K
  class space    used 2365K, committed 2752K, reserved 1048576K
}

Dll operation events (10 events):
Event: 0.011 Loaded shared library c:\Users\karsl\.cursor\extensions\redhat.java-1.51.0-win32-x64\jre\21.0.9-win32-x86_64\bin\java.dll
Event: 0.045 Loaded shared library c:\Users\karsl\.cursor\extensions\redhat.java-1.51.0-win32-x64\jre\21.0.9-win32-x86_64\bin\zip.dll
Event: 0.114 Loaded shared library C:\Users\karsl\.cursor\extensions\redhat.java-1.51.0-win32-x64\jre\21.0.9-win32-x86_64\bin\instrument.dll
Event: 0.120 Loaded shared library C:\Users\karsl\.cursor\extensions\redhat.java-1.51.0-win32-x64\jre\21.0.9-win32-x86_64\bin\net.dll
Event: 0.124 Loaded shared library C:\Users\karsl\.cursor\extensions\redhat.java-1.51.0-win32-x64\jre\21.0.9-win32-x86_64\bin\nio.dll
Event: 0.135 Loaded shared library C:\Users\karsl\.cursor\extensions\redhat.java-1.51.0-win32-x64\jre\21.0.9-win32-x86_64\bin\zip.dll
Event: 0.163 Loaded shared library C:\Users\karsl\.cursor\extensions\redhat.java-1.51.0-win32-x64\jre\21.0.9-win32-x86_64\bin\jimage.dll
Event: 0.249 Loaded shared library c:\Users\karsl\.cursor\extensions\redhat.java-1.51.0-win32-x64\jre\21.0.9-win32-x86_64\bin\verify.dll
Event: 1.376 Loaded shared library C:\Users\karsl\AppData\Roaming\Cursor\User\globalStorage\redhat.java\1.51.0\config_win\org.eclipse.equinox.launcher\org.eclipse.equinox.launcher.win32.win32.x86_64_1.2.1400.v20250801-0854\eclipse_11916.dll
Event: 3.838 Loaded shared library C:\Users\karsl\AppData\Local\Temp\jna-101819701\jna520319387551860135.dll

Deoptimization events (20 events):
Event: 4.684 Thread 0x0000028eea8c9160 DEOPT PACKING pc=0x0000028e965b8e30 sp=0x000000a6e94efd30
Event: 4.684 Thread 0x0000028eea8c9160 DEOPT UNPACKING pc=0x0000028e95cf6da2 sp=0x000000a6e94efcb8 mode 2
Event: 4.696 Thread 0x0000028eea8c9160 DEOPT PACKING pc=0x0000028e8ed87fcb sp=0x000000a6e94f48f0
Event: 4.696 Thread 0x0000028eea8c9160 DEOPT UNPACKING pc=0x0000028e95cf78e2 sp=0x000000a6e94f3da0 mode 0
Event: 4.701 Thread 0x0000028eea8c9160 DEOPT PACKING pc=0x0000028e8eecd206 sp=0x000000a6e94f4620
Event: 4.701 Thread 0x0000028eea8c9160 DEOPT UNPACKING pc=0x0000028e95cf78e2 sp=0x000000a6e94f3b30 mode 0
Event: 4.748 Thread 0x0000028eeb1f9cc0 DEOPT PACKING pc=0x0000028e8eecd206 sp=0x000000a6e9bfe890
Event: 4.748 Thread 0x0000028eeb1f9cc0 DEOPT UNPACKING pc=0x0000028e95cf78e2 sp=0x000000a6e9bfdda0 mode 0
Event: 4.818 Thread 0x0000028eea8c9160 Uncommon trap: trap_request=0xffffff45 fr.pc=0x0000028e965d6c48 relative=0x00000000000007c8
Event: 4.818 Thread 0x0000028eea8c9160 Uncommon trap: reason=unstable_if action=reinterpret pc=0x0000028e965d6c48 method=org.lombokweb.asm.ClassReader.readUTF8(I[C)Ljava/lang/String; @ 11 c2
Event: 4.818 Thread 0x0000028eea8c9160 DEOPT PACKING pc=0x0000028e965d6c48 sp=0x000000a6e94ef630
Event: 4.818 Thread 0x0000028eea8c9160 DEOPT UNPACKING pc=0x0000028e95cf6da2 sp=0x000000a6e94ef618 mode 2
Event: 4.971 Thread 0x0000028eea8c9160 Uncommon trap: trap_request=0xffffff45 fr.pc=0x0000028e965e3e24 relative=0x0000000000000184
Event: 4.971 Thread 0x0000028eea8c9160 Uncommon trap: reason=unstable_if action=reinterpret pc=0x0000028e965e3e24 method=org.lombokweb.asm.ByteVector.putByteArray([BII)Lorg/lombokweb/asm/ByteVector; @ 20 c2
Event: 4.971 Thread 0x0000028eea8c9160 DEOPT PACKING pc=0x0000028e965e3e24 sp=0x000000a6e94eead0
Event: 4.971 Thread 0x0000028eea8c9160 DEOPT UNPACKING pc=0x0000028e95cf6da2 sp=0x000000a6e94eeaa0 mode 2
Event: 4.971 Thread 0x0000028eea8c9160 Uncommon trap: trap_request=0xffffff45 fr.pc=0x0000028e965e3724 relative=0x0000000000000364
Event: 4.971 Thread 0x0000028eea8c9160 Uncommon trap: reason=unstable_if action=reinterpret pc=0x0000028e965e3724 method=org.lombokweb.asm.Label.resolve([BLorg/lombokweb/asm/ByteVector;I)Z @ 81 c2
Event: 4.971 Thread 0x0000028eea8c9160 DEOPT PACKING pc=0x0000028e965e3724 sp=0x000000a6e94eeb60
Event: 4.971 Thread 0x0000028eea8c9160 DEOPT UNPACKING pc=0x0000028e95cf6da2 sp=0x000000a6e94eea68 mode 2

Classes loaded (20 events):
Event: 4.781 Loading class java/util/zip/GZIPInputStream
Event: 4.781 Loading class java/util/zip/GZIPInputStream done
Event: 4.798 Loading class java/io/StringReader
Event: 4.798 Loading class java/io/StringReader done
Event: 4.799 Loading class java/net/SocketTimeoutException
Event: 4.800 Loading class java/io/InterruptedIOException
Event: 4.800 Loading class java/io/InterruptedIOException done
Event: 4.800 Loading class java/net/SocketTimeoutException done
Event: 4.800 Loading class java/net/SocketException
Event: 4.800 Loading class java/net/SocketException done
Event: 4.800 Loading class java/net/UnknownHostException
Event: 4.800 Loading class java/net/UnknownHostException done
Event: 4.800 Loading class java/net/ProtocolException
Event: 4.800 Loading class java/net/ProtocolException done
Event: 4.811 Loading class java/lang/ThreadLocal$SuppliedThreadLocal
Event: 4.811 Loading class java/lang/ThreadLocal$SuppliedThreadLocal done
Event: 4.814 Loading class java/io/FileWriter
Event: 4.814 Loading class java/io/FileWriter done
Event: 4.860 Loading class java/lang/NegativeArraySizeException
Event: 4.860 Loading class java/lang/NegativeArraySizeException done

Classes unloaded (7 events):
Event: 4.573 Thread 0x0000028ee31e4110 Unloading class 0x0000028ea31aa800 'java/lang/invoke/LambdaForm$MH+0x0000028ea31aa800'
Event: 4.573 Thread 0x0000028ee31e4110 Unloading class 0x0000028ea31aa400 'java/lang/invoke/LambdaForm$MH+0x0000028ea31aa400'
Event: 4.573 Thread 0x0000028ee31e4110 Unloading class 0x0000028ea31aa000 'java/lang/invoke/LambdaForm$MH+0x0000028ea31aa000'
Event: 4.573 Thread 0x0000028ee31e4110 Unloading class 0x0000028ea31a9c00 'java/lang/invoke/LambdaForm$MH+0x0000028ea31a9c00'
Event: 4.573 Thread 0x0000028ee31e4110 Unloading class 0x0000028ea31a9800 'java/lang/invoke/LambdaForm$BMH+0x0000028ea31a9800'
Event: 4.573 Thread 0x0000028ee31e4110 Unloading class 0x0000028ea31a9400 'java/lang/invoke/LambdaForm$DMH+0x0000028ea31a9400'
Event: 4.573 Thread 0x0000028ee31e4110 Unloading class 0x0000028ea31a8400 'java/lang/invoke/LambdaForm$DMH+0x0000028ea31a8400'

Classes redefined (0 events):
No events

Internal exceptions (20 events):
Event: 4.558 Thread 0x0000028eea8c9160 Exception <a 'java/lang/NoSuchMethodError'{0x00000000d6820cc8}: 'java.lang.Object java.lang.invoke.Invokers$Holder.invoke_MT(java.lang.Object, java.lang.Object, java.lang.Object, java.lang.Object, java.lang.Object, java.lang.Object, java.lang.Object, java.lang.Object, java.lang.Object)'> (0x00000000d6820cc8) 
thrown [s\src\hotspot\share\interpreter\linkResolver.cpp, line 773]
Event: 4.563 Thread 0x0000028eea8c9160 Exception <a 'java/lang/NoSuchMethodError'{0x00000000d6855f28}: 'int java.lang.invoke.DirectMethodHandle$Holder.invokeVirtual(java.lang.Object, java.lang.Object, java.lang.Object)'> (0x00000000d6855f28) 
thrown [s\src\hotspot\share\interpreter\linkResolver.cpp, line 773]
Event: 4.563 Thread 0x0000028eea8c9160 Exception <a 'java/lang/NoSuchMethodError'{0x00000000d685aec0}: 'int java.lang.invoke.DirectMethodHandle$Holder.invokeStaticInit(java.lang.Object, int, int)'> (0x00000000d685aec0) 
thrown [s\src\hotspot\share\interpreter\linkResolver.cpp, line 773]
Event: 4.602 Thread 0x0000028eea8c9160 Implicit null exception at 0x0000028e965a6682 to 0x0000028e965a677c
Event: 4.602 Thread 0x0000028eea8c9160 Exception <a 'java/lang/NoSuchMethodError'{0x00000000d55804a0}: 'int java.lang.invoke.DirectMethodHandle$Holder.invokeStaticInit(java.lang.Object, long, long)'> (0x00000000d55804a0) 
thrown [s\src\hotspot\share\interpreter\linkResolver.cpp, line 773]
Event: 4.603 Thread 0x0000028eea8c9160 Exception <a 'java/lang/NoSuchMethodError'{0x00000000d5587e58}: 'int java.lang.invoke.DirectMethodHandle$Holder.invokeStaticInit(java.lang.Object, float, float)'> (0x00000000d5587e58) 
thrown [s\src\hotspot\share\interpreter\linkResolver.cpp, line 773]
Event: 4.603 Thread 0x0000028eea8c9160 Exception <a 'java/lang/NoSuchMethodError'{0x00000000d558f808}: 'int java.lang.invoke.DirectMethodHandle$Holder.invokeStaticInit(java.lang.Object, double, double)'> (0x00000000d558f808) 
thrown [s\src\hotspot\share\interpreter\linkResolver.cpp, line 773]
Event: 4.603 Thread 0x0000028eea8c9160 Exception <a 'java/lang/NoSuchMethodError'{0x00000000d5594c20}: 'int java.lang.invoke.DirectMethodHandle$Holder.invokeStatic(java.lang.Object, long)'> (0x00000000d5594c20) 
thrown [s\src\hotspot\share\interpreter\linkResolver.cpp, line 773]
Event: 4.607 Thread 0x0000028eea8c9160 Exception <a 'java/lang/NoSuchMethodError'{0x00000000d55b3a48}: 'int java.lang.invoke.Invokers$Holder.linkToTargetMethod(java.lang.Object, java.lang.Object)'> (0x00000000d55b3a48) 
thrown [s\src\hotspot\share\interpreter\linkResolver.cpp, line 773]
Event: 4.644 Thread 0x0000028eea8c9160 Exception <a 'java/lang/NoSuchMethodError'{0x00000000d573afa0}: 'java.lang.Object java.lang.invoke.Invokers$Holder.invoke_MT(java.lang.Object, java.lang.Object, java.lang.Object, java.lang.Object, java.lang.Object, java.lang.Object, java.lang.Object, java.lang.Object, java.lang.Object, java.lang.Object, java.lang.Object)'> (0x00000000d573afa0) 
thrown [s\src\hotspot\share\interpreter\linkResolver.cpp, line 773]
Event: 4.657 Thread 0x0000028eea8c9160 Exception <a 'java/lang/NoSuchMethodError'{0x00000000d57c81f8}: 'java.lang.Object java.lang.invoke.Invokers$Holder.invoke_MT(java.lang.Object, java.lang.Object, java.lang.Object, java.lang.Object, java.lang.Object, java.lang.Object, java.lang.Object, java.lang.Object, java.lang.Object, java.lang.Object)'> (0x00000000d57c81f8) 
thrown [s\src\hotspot\share\interpreter\linkResolver.cpp, line 773]
Event: 4.667 Thread 0x0000028eea8c9160 Exception <a 'java/lang/NoSuchMethodError'{0x00000000d5892810}: 'java.lang.Object java.lang.invoke.DirectMethodHandle$Holder.newInvokeSpecial(java.lang.Object, java.lang.Object, java.lang.Object, java.lang.Object, java.lang.Object, java.lang.Object, java.lang.Object)'> (0x00000000d5892810) 
thrown [s\src\hotspot\share\interpreter\linkResolver.cpp, line 773]
Event: 4.672 Thread 0x0000028eea8c9160 Exception <a 'java/lang/NoSuchMethodError'{0x00000000d5909728}: 'java.lang.Object java.lang.invoke.Invokers$Holder.invoker(java.lang.Object, java.lang.Object, java.lang.Object, java.lang.Object, java.lang.Object, java.lang.Object, java.lang.Object, java.lang.Object, java.lang.Object, java.lang.Object, java.lang.Object, java.lang.Object, java.lang.Object)'> (0x00000000d5909728) 
thrown [s\src\hotspot\share\interpreter\linkResolver.cpp, line 773]
Event: 4.672 Thread 0x0000028eea8c9160 Exception <a 'java/lang/NoSuchMethodError'{0x00000000d5913bc0}: 'java.lang.Object java.lang.invoke.DelegatingMethodHandle$Holder.delegate(java.lang.Object, java.lang.Object, java.lang.Object, java.lang.Object, java.lang.Object, java.lang.Object, java.lang.Object, java.lang.Object, java.lang.Object, java.lang.Object, java.lang.Object, java.lang.Object, java.lang.Object)'> (0x00000000d5913bc0) 
thrown [s\src\hotspot\share\interpreter\linkResolver.cpp, line 773]
Event: 4.678 Thread 0x0000028eea8c9160 Exception <a 'java/lang/NoSuchMethodError'{0x00000000d597fa70}: static Lorg/eclipse/m2e/core/internal/lifecyclemapping/model/PluginExecutionMetadata;.<clinit>()V> (0x00000000d597fa70) 
thrown [s\src\hotspot\share\prims\jni.cpp, line 1111]
Event: 4.689 Thread 0x0000028eea8c9160 Exception <a 'java/lang/NoSuchMethodError'{0x00000000d59df838}: static Lorg/eclipse/m2e/core/internal/lifecyclemapping/model/PluginExecutionFilter;.<clinit>()V> (0x00000000d59df838) 
thrown [s\src\hotspot\share\prims\jni.cpp, line 1111]
Event: 4.694 Thread 0x0000028eea8c9160 Exception <a 'java/lang/NoSuchMethodError'{0x00000000d5a0f270}: static Lorg/eclipse/m2e/core/internal/project/registry/MavenProjectFacade$MavenProjectConfiguration;.<clinit>()V> (0x00000000d5a0f270) 
thrown [s\src\hotspot\share\prims\jni.cpp, line 1111]
Event: 4.773 Thread 0x0000028eea8c9160 Exception <a 'java/lang/NoSuchMethodError'{0x00000000d5ec23c0}: 'double java.lang.invoke.DirectMethodHandle$Holder.invokeStatic(java.lang.Object, java.lang.Object)'> (0x00000000d5ec23c0) 
thrown [s\src\hotspot\share\interpreter\linkResolver.cpp, line 773]
Event: 4.773 Thread 0x0000028eea8c9160 Exception <a 'java/lang/NoSuchMethodError'{0x00000000d5ec5a80}: 'double java.lang.invoke.DirectMethodHandle$Holder.invokeStaticInit(java.lang.Object, java.lang.Object)'> (0x00000000d5ec5a80) 
thrown [s\src\hotspot\share\interpreter\linkResolver.cpp, line 773]
Event: 4.971 Thread 0x0000028eea8c9160 Implicit null exception at 0x0000028e965e3cf5 to 0x0000028e965e3e08

ZGC Phase Switch (0 events):
No events

VM Operations (20 events):
Event: 3.802 Executing VM operation: HandshakeAllThreads (Deoptimize)
Event: 3.802 Executing VM operation: HandshakeAllThreads (Deoptimize) done
Event: 3.860 Executing VM operation: HandshakeAllThreads (Deoptimize)
Event: 3.860 Executing VM operation: HandshakeAllThreads (Deoptimize) done
Event: 4.132 Executing VM operation: HandshakeAllThreads (Deoptimize)
Event: 4.132 Executing VM operation: HandshakeAllThreads (Deoptimize) done
Event: 4.177 Executing VM operation: HandshakeAllThreads (Deoptimize)
Event: 4.177 Executing VM operation: HandshakeAllThreads (Deoptimize) done
Event: 4.186 Executing VM operation: HandshakeAllThreads (Deoptimize)
Event: 4.186 Executing VM operation: HandshakeAllThreads (Deoptimize) done
Event: 4.221 Executing VM operation: ICBufferFull
Event: 4.221 Executing VM operation: ICBufferFull done
Event: 4.295 Executing VM operation: ParallelGCFailedAllocation (Allocation Failure)
Event: 4.300 Executing VM operation: ParallelGCFailedAllocation (Allocation Failure) done
Event: 4.549 Executing VM operation: HandshakeAllThreads (Deoptimize)
Event: 4.549 Executing VM operation: HandshakeAllThreads (Deoptimize) done
Event: 4.564 Executing VM operation: CollectForMetadataAllocation (Metadata GC Threshold)
Event: 4.602 Executing VM operation: CollectForMetadataAllocation (Metadata GC Threshold) done
Event: 4.848 Executing VM operation: ParallelGCFailedAllocation (Allocation Failure)
Event: 4.850 Executing VM operation: ParallelGCFailedAllocation (Allocation Failure) done

Memory protections (0 events):
No events

Nmethod flushes (0 events):
No events

Events (20 events):
Event: 1.402 Thread 0x0000028e8b655300 Thread added: 0x0000028eea8c9160
Event: 1.773 Thread 0x0000028eea8c9160 Thread added: 0x0000028eeb3b7050
Event: 1.820 Thread 0x0000028eea5865c0 Thread exited: 0x0000028eea5865c0
Event: 2.191 Thread 0x0000028eea0b33a0 Thread exited: 0x0000028eea0b33a0
Event: 2.274 Thread 0x0000028ee46e5b00 Thread exited: 0x0000028ee46e5b00
Event: 2.592 Thread 0x0000028eea8c9160 Thread added: 0x0000028eeaf5ff80
Event: 2.691 Thread 0x0000028ee31f2af0 Thread added: 0x0000028eea7d8f70
Event: 2.691 Thread 0x0000028ee31f2af0 Thread added: 0x0000028eea7d0440
Event: 2.691 Thread 0x0000028ee31f2af0 Thread added: 0x0000028eea7d0ef0
Event: 2.948 Thread 0x0000028eea8c9160 Thread added: 0x0000028eeb1fa350
Event: 3.114 Thread 0x0000028eea7d0440 Thread exited: 0x0000028eea7d0440
Event: 3.114 Thread 0x0000028eea7d0ef0 Thread exited: 0x0000028eea7d0ef0
Event: 3.803 Thread 0x0000028eea7d8f70 Thread exited: 0x0000028eea7d8f70
Event: 3.910 Thread 0x0000028eea8c9160 Thread added: 0x0000028eeb1fb070
Event: 3.973 Thread 0x0000028eea8c9160 Thread added: 0x0000028eeb1f9cc0
Event: 4.013 Thread 0x0000028eea8c9160 Thread added: 0x0000028eeb1fb700
Event: 4.145 Thread 0x0000028ee484c490 Thread added: 0x0000028eeb3a20a0
Event: 4.437 Thread 0x0000028ee484c490 Thread added: 0x0000028eebbae520
Event: 4.649 Thread 0x0000028ee31f2af0 Thread added: 0x0000028eeb552590
Event: 4.917 Thread 0x0000028eeb1f9cc0 Thread added: 0x0000028eeb1fc420


Dynamic libraries:
0x00007ff7e52b0000 - 0x00007ff7e52be000 	c:\Users\karsl\.cursor\extensions\redhat.java-1.51.0-win32-x64\jre\21.0.9-win32-x86_64\bin\java.exe
0x00007fff07ec0000 - 0x00007fff08127000 	C:\WINDOWS\SYSTEM32\ntdll.dll
0x00007fff068f0000 - 0x00007fff069b9000 	C:\WINDOWS\System32\KERNEL32.DLL
0x00007fff05830000 - 0x00007fff05c1f000 	C:\WINDOWS\System32\KERNELBASE.dll
0x00007fff050c0000 - 0x00007fff0520b000 	C:\WINDOWS\System32\ucrtbase.dll
0x00007ffd961c0000 - 0x00007ffd961de000 	c:\Users\karsl\.cursor\extensions\redhat.java-1.51.0-win32-x64\jre\21.0.9-win32-x86_64\bin\VCRUNTIME140.dll
0x00007ffd961a0000 - 0x00007ffd961b8000 	c:\Users\karsl\.cursor\extensions\redhat.java-1.51.0-win32-x64\jre\21.0.9-win32-x86_64\bin\jli.dll
0x00007fff07820000 - 0x00007fff079e5000 	C:\WINDOWS\System32\USER32.dll
0x00007fff05c30000 - 0x00007fff05c57000 	C:\WINDOWS\System32\win32u.dll
0x00007fff06ac0000 - 0x00007fff06aeb000 	C:\WINDOWS\System32\GDI32.dll
0x00007fff044a0000 - 0x00007fff04733000 	C:\WINDOWS\WinSxS\amd64_microsoft.windows.common-controls_6595b64144ccf1df_6.0.26100.7309_none_3e05feeae336a044\COMCTL32.dll
0x00007fff052a0000 - 0x00007fff053cc000 	C:\WINDOWS\System32\gdi32full.dll
0x00007fff067c0000 - 0x00007fff06869000 	C:\WINDOWS\System32\msvcrt.dll
0x00007fff053d0000 - 0x00007fff05473000 	C:\WINDOWS\System32\msvcp_win.dll
0x00007fff06180000 - 0x00007fff061b1000 	C:\WINDOWS\System32\IMM32.DLL
0x00007ffeba860000 - 0x00007ffeba86c000 	c:\Users\karsl\.cursor\extensions\redhat.java-1.51.0-win32-x64\jre\21.0.9-win32-x86_64\bin\vcruntime140_1.dll
0x00007ffd95250000 - 0x00007ffd952dd000 	c:\Users\karsl\.cursor\extensions\redhat.java-1.51.0-win32-x64\jre\21.0.9-win32-x86_64\bin\msvcp140.dll
0x00007ffd84e30000 - 0x00007ffd85bd0000 	c:\Users\karsl\.cursor\extensions\redhat.java-1.51.0-win32-x64\jre\21.0.9-win32-x86_64\bin\server\jvm.dll
0x00007fff060c0000 - 0x00007fff06174000 	C:\WINDOWS\System32\ADVAPI32.dll
0x00007fff06af0000 - 0x00007fff06b96000 	C:\WINDOWS\System32\sechost.dll
0x00007fff06ba0000 - 0x00007fff06cb8000 	C:\WINDOWS\System32\RPCRT4.dll
0x00007fff06870000 - 0x00007fff068e4000 	C:\WINDOWS\System32\WS2_32.dll
0x00007ffef0260000 - 0x00007ffef0295000 	C:\WINDOWS\SYSTEM32\WINMM.dll
0x00007fff04ac0000 - 0x00007fff04b1e000 	C:\WINDOWS\SYSTEM32\POWRPROF.dll
0x00007ffef5090000 - 0x00007ffef509b000 	C:\WINDOWS\SYSTEM32\VERSION.dll
0x00007fff04740000 - 0x00007fff04754000 	C:\WINDOWS\SYSTEM32\UMPDC.dll
0x00007fff034e0000 - 0x00007fff034fb000 	C:\WINDOWS\SYSTEM32\kernel.appcore.dll
0x00007ffe51ab0000 - 0x00007ffe51aba000 	c:\Users\karsl\.cursor\extensions\redhat.java-1.51.0-win32-x64\jre\21.0.9-win32-x86_64\bin\jimage.dll
0x00007fff04870000 - 0x00007fff04ab2000 	C:\WINDOWS\SYSTEM32\DBGHELP.DLL
0x00007fff05c60000 - 0x00007fff05fe5000 	C:\WINDOWS\System32\combase.dll
0x00007fff06230000 - 0x00007fff06306000 	C:\WINDOWS\System32\OLEAUT32.dll
0x00007fff04760000 - 0x00007fff0479c000 	C:\WINDOWS\SYSTEM32\dbgcore.DLL
0x00007fff05010000 - 0x00007fff050b5000 	C:\WINDOWS\System32\bcryptPrimitives.dll
0x00007ffe4c5a0000 - 0x00007ffe4c5af000 	c:\Users\karsl\.cursor\extensions\redhat.java-1.51.0-win32-x64\jre\21.0.9-win32-x86_64\bin\instrument.dll
0x00007ffd95630000 - 0x00007ffd95650000 	c:\Users\karsl\.cursor\extensions\redhat.java-1.51.0-win32-x64\jre\21.0.9-win32-x86_64\bin\java.dll
0x00007fff06f00000 - 0x00007fff07653000 	C:\WINDOWS\System32\SHELL32.dll
0x00007fff056c0000 - 0x00007fff0582a000 	C:\WINDOWS\System32\wintypes.dll
0x00007fff02180000 - 0x00007fff029de000 	C:\WINDOWS\SYSTEM32\windows.storage.dll
0x00007fff069c0000 - 0x00007fff06ab5000 	C:\WINDOWS\System32\SHCORE.dll
0x00007fff061c0000 - 0x00007fff06226000 	C:\WINDOWS\System32\shlwapi.dll
0x00007fff04f30000 - 0x00007fff04f59000 	C:\WINDOWS\SYSTEM32\profapi.dll
0x00007ffe32600000 - 0x00007ffe32618000 	c:\Users\karsl\.cursor\extensions\redhat.java-1.51.0-win32-x64\jre\21.0.9-win32-x86_64\bin\zip.dll
0x00007ffe9a6c0000 - 0x00007ffe9a6d0000 	C:\Users\karsl\.cursor\extensions\redhat.java-1.51.0-win32-x64\jre\21.0.9-win32-x86_64\bin\net.dll
0x00007ffefd500000 - 0x00007ffefd628000 	C:\WINDOWS\SYSTEM32\WINHTTP.dll
0x00007fff039f0000 - 0x00007fff03a5b000 	C:\WINDOWS\system32\mswsock.dll
0x00007ffe796e0000 - 0x00007ffe796f6000 	C:\Users\karsl\.cursor\extensions\redhat.java-1.51.0-win32-x64\jre\21.0.9-win32-x86_64\bin\nio.dll
0x00007ffda67e0000 - 0x00007ffda67f0000 	c:\Users\karsl\.cursor\extensions\redhat.java-1.51.0-win32-x64\jre\21.0.9-win32-x86_64\bin\verify.dll
0x00007ffd87660000 - 0x00007ffd876a4000 	C:\Users\karsl\AppData\Roaming\Cursor\User\globalStorage\redhat.java\1.51.0\config_win\org.eclipse.equinox.launcher\org.eclipse.equinox.launcher.win32.win32.x86_64_1.2.1400.v20250801-0854\eclipse_11916.dll
0x00007fff06510000 - 0x00007fff066a7000 	C:\WINDOWS\System32\ole32.dll
0x00007fff04c50000 - 0x00007fff04c6b000 	C:\WINDOWS\SYSTEM32\CRYPTSP.dll
0x00007fff03e90000 - 0x00007fff03eca000 	C:\WINDOWS\system32\rsaenh.dll
0x00007fff03a60000 - 0x00007fff03a8b000 	C:\WINDOWS\SYSTEM32\USERENV.dll
0x00007fff04f00000 - 0x00007fff04f2a000 	C:\WINDOWS\SYSTEM32\bcrypt.dll
0x00007fff040e0000 - 0x00007fff040ec000 	C:\WINDOWS\SYSTEM32\CRYPTBASE.dll
0x00007fff02f00000 - 0x00007fff02f34000 	C:\WINDOWS\SYSTEM32\IPHLPAPI.DLL
0x00007fff06360000 - 0x00007fff0636a000 	C:\WINDOWS\System32\NSI.dll
0x00007ffd86bb0000 - 0x00007ffd86bf9000 	C:\Users\karsl\AppData\Local\Temp\jna-101819701\jna520319387551860135.dll
0x00007fff07810000 - 0x00007fff07818000 	C:\WINDOWS\System32\PSAPI.DLL

JVMTI agents:
c:\Users\karsl\.cursor\extensions\redhat.java-1.51.0-win32-x64\lombok\lombok-1.18.39-4050.jar path:c:\Users\karsl\.cursor\extensions\redhat.java-1.51.0-win32-x64\jre\21.0.9-win32-x86_64\bin\instrument.dll, loaded, initialized, instrumentlib options:none

dbghelp: loaded successfully - version: 4.0.5 - missing functions: none
symbol engine: initialized successfully - sym options: 0x614 - pdb path: .;c:\Users\karsl\.cursor\extensions\redhat.java-1.51.0-win32-x64\jre\21.0.9-win32-x86_64\bin;C:\WINDOWS\SYSTEM32;C:\WINDOWS\WinSxS\amd64_microsoft.windows.common-controls_6595b64144ccf1df_6.0.26100.7309_none_3e05feeae336a044;c:\Users\karsl\.cursor\extensions\redhat.java-1.51.0-win32-x64\jre\21.0.9-win32-x86_64\bin\server;C:\Users\karsl\AppData\Roaming\Cursor\User\globalStorage\redhat.java\1.51.0\config_win\org.eclipse.equinox.launcher\org.eclipse.equinox.launcher.win32.win32.x86_64_1.2.1400.v20250801-0854;C:\Users\karsl\AppData\Local\Temp\jna-101819701

VM Arguments:
jvm_args: --add-modules=ALL-SYSTEM --add-opens=java.base/java.util=ALL-UNNAMED --add-opens=java.base/java.lang=ALL-UNNAMED --add-opens=java.base/sun.nio.fs=ALL-UNNAMED -Declipse.application=org.eclipse.jdt.ls.core.id1 -Dosgi.bundles.defaultStartLevel=4 -Declipse.product=org.eclipse.jdt.ls.core.product -Djava.import.generatesMetadataFilesAtProjectRoot=false -DDetectVMInstallationsJob.disabled=true -Dfile.encoding=utf8 -XX:+UseParallelGC -XX:GCTimeRatio=4 -XX:AdaptiveSizePolicyWeight=90 -Dsun.zip.disableMemoryMapping=true -Xmx2G -Xms100m -Xlog:disable -javaagent:c:\Users\karsl\.cursor\extensions\redhat.java-1.51.0-win32-x64\lombok\lombok-1.18.39-4050.jar -XX:+HeapDumpOnOutOfMemoryError -XX:HeapDumpPath=c:\Users\karsl\AppData\Roaming\Cursor\User\workspaceStorage\da0ef4c3b0b291c5f084275cd27473df\redhat.java -Daether.dependencyCollector.impl=bf 
java_command: c:\Users\karsl\.cursor\extensions\redhat.java-1.51.0-win32-x64\server\plugins\org.eclipse.equinox.launcher_1.7.100.v20251111-0406.jar -configuration c:\Users\karsl\AppData\Roaming\Cursor\User\globalStorage\redhat.java\1.51.0\config_win -data c:\Users\karsl\AppData\Roaming\Cursor\User\workspaceStorage\da0ef4c3b0b291c5f084275cd27473df\redhat.java\jdt_ws --pipe=\\.\pipe\lsp-df9e84264cd724083a015d003342e480-sock
java_class_path (initial): c:\Users\karsl\.cursor\extensions\redhat.java-1.51.0-win32-x64\server\plugins\org.eclipse.equinox.launcher_1.7.100.v20251111-0406.jar
Launcher Type: SUN_STANDARD

[Global flags]
    uintx AdaptiveSizePolicyWeight                 = 90                                        {product} {command line}
     intx CICompilerCount                          = 12                                        {product} {ergonomic}
    uintx GCTimeRatio                              = 4                                         {product} {command line}
     bool HeapDumpOnOutOfMemoryError               = true                                   {manageable} {command line}
    ccstr HeapDumpPath                             = c:\Users\karsl\AppData\Roaming\Cursor\User\workspaceStorage\da0ef4c3b0b291c5f084275cd27473df\redhat.java         {manageable} {command line}
   size_t InitialHeapSize                          = 104857600                                 {product} {command line}
   size_t MaxHeapSize                              = 2147483648                                {product} {command line}
   size_t MaxNewSize                               = 715653120                                 {product} {ergonomic}
   size_t MinHeapDeltaBytes                        = 524288                                    {product} {ergonomic}
   size_t MinHeapSize                              = 104857600                                 {product} {command line}
   size_t NewSize                                  = 34603008                                  {product} {ergonomic}
    uintx NonNMethodCodeHeapSize                   = 7602480                                {pd product} {ergonomic}
    uintx NonProfiledCodeHeapSize                  = 122027880                              {pd product} {ergonomic}
   size_t OldSize                                  = 70254592                                  {product} {ergonomic}
    uintx ProfiledCodeHeapSize                     = 122027880                              {pd product} {ergonomic}
    uintx ReservedCodeCacheSize                    = 251658240                              {pd product} {ergonomic}
     bool SegmentedCodeCache                       = true                                      {product} {ergonomic}
   size_t SoftMaxHeapSize                          = 2147483648                             {manageable} {ergonomic}
     bool UseCompressedOops                        = true                           {product lp64_product} {ergonomic}
     bool UseLargePagesIndividualAllocation        = false                                  {pd product} {ergonomic}
     bool UseParallelGC                            = true                                      {product} {command line}

Logging:
Log output configuration:
 #0: stdout all=off uptime,level,tags foldmultilines=false
 #1: stderr all=off uptime,level,tags foldmultilines=false

Release file:
JAVA_VERSION="21.0.9" 
MODULES="java.base java.compiler java.datatransfer java.xml java.prefs java.desktop java.instrument java.logging java.management java.security.sasl java.naming java.rmi java.management.rmi java.net.http java.scripting java.security.jgss java.transaction.xa java.sql java.sql.rowset java.xml.crypto java.se java.smartcardio jdk.accessibility jdk.internal.jvmstat jdk.attach jdk.charsets jdk.internal.opt jdk.zipfs jdk.compiler jdk.crypto.ec jdk.crypto.cryptoki jdk.crypto.mscapi jdk.dynalink jdk.internal.ed jdk.editpad jdk.hotspot.agent jdk.httpserver jdk.internal.le jdk.internal.vm.ci jdk.internal.vm.compiler jdk.internal.vm.compiler.management jdk.jartool jdk.javadoc jdk.jcmd jdk.management jdk.management.agent jdk.jconsole jdk.jdeps jdk.jdwp.agent jdk.jdi jdk.jfr jdk.jshell jdk.jsobject jdk.jstatd jdk.localedata jdk.management.jfr jdk.naming.dns jdk.naming.rmi jdk.net jdk.nio.mapmode jdk.random jdk.sctp jdk.security.auth jdk.security.jgss jdk.unsupported jdk.unsupported.desktop jdk.xml.dom" 

Environment Variables:
PATH=C:\Program Files\Microsoft SDKs\Azure\CLI2\wbin;C:\Program Files\Common Files\Oracle\Java\javapath;C:\Program Files\Microsoft\jdk-11.0.16.101-hotspot\bin;C:\WINDOWS\system32;C:\WINDOWS;C:\WINDOWS\System32\Wbem;C:\WINDOWS\System32\WindowsPowerShell\v1.0\;C:\WINDOWS\System32\OpenSSH\;C:\Program Files\Microsoft SQL Server\150\Tools\Binn\;C:\Program Files\Microsoft SQL Server\Client SDK\ODBC\170\Tools\Binn\;C:\Program Files\dotnet\;C:\Program Files (x86)\Microsoft SQL Server\160\DTS\Binn\;C:\Program Files\Azure Data Studio\bin;C:\Program Files (x86)\Microsoft SQL Server\160\Tools\Binn\;C:\Program Files\Microsoft SQL Server\160\Tools\Binn\;C:\Program Files\Microsoft SQL Server\160\DTS\Binn\;C:\src\flutter\bin;%windir%\system32\cmd.exe;C:\Users\karsl\AppData\Local\Programs\Python\Python311;C:\Users\karsl\AppData\Local\Programs\Python\Python311\Scripts;C:\Program Files\Tesseract-OCR;C:\ProgramData\chocolatey\bin;C:\Program Files\Go\bin;C:\Users\karsl\AppData\Roaming\npm;C:\MATRIKS;C:\MATRIKS\System32\;C:\Program Files\nodejs\;C:\apache-maven-3.9.6\bin;C:\Program Files (x86)\NVIDIA Corporation\PhysX\Common;C:\Zlib\dll_x64;C:\flutter_windows_3.24.0-stable\flutter\bin;C:\Flutter\flutter_windows_3.24.3-stable\flutter\bin;C:\Program Files (x86)\Microchip\MPLAB C32 Suite\bin;C:\Android\platform-tools-latest-windows\platform-tools;C:\Program Files\NVIDIA Corporation\NVIDIA app\NvDLISR;C:\Program Files\PuTTY\;C:\Program Files\Git\cmd;C:\Terraform;C:\Program Files\OpenSSL-Win64\bin;C:\Program Files\Amazon\AWSCLIV2\;C:\Program Files\PostgreSQL\16\bin\psql.exe;C:\Program Files\PostgreSQL\16\bin;C:\Program Files (x86)\Windows Kits\10\Windows Performance Toolkit\;C:\protoc-32.1-win64\bin;;C:\Program Files\Microchip\xc8\v3.10\bin;C:\Program Files\Microchip\xc-dsc\v3.21\bin;C:\Program Files\Microchip\xc16\v2.10\bin;C:\Program Files\Microchip\xc-dsc\v3.30\bin;C:\Program Files\cursor\resources\app\bin;C:\Program Files\Docker\Docker\resources\bin
USERNAME=karsl
OS=Windows_NT
PROCESSOR_IDENTIFIER=Intel64 Family 6 Model 141 Stepping 1, GenuineIntel
TMP=C:\Users\karsl\AppData\Local\Temp
TEMP=C:\Users\karsl\AppData\Local\Temp




Periodic native trim disabled

---------------  S Y S T E M  ---------------

OS:
 Windows 11 , 64 bit Build 26100 (10.0.26100.7309)
OS uptime: 0 days 1:24 hours
Hyper-V role detected

CPU: total 16 (initial active 16) (8 cores per cpu, 2 threads per core) family 6 model 141 stepping 1 microcode 0x34, cx8, cmov, fxsr, ht, mmx, 3dnowpref, sse, sse2, sse3, ssse3, sse4.1, sse4.2, popcnt, lzcnt, tsc, tscinvbit, avx, avx2, aes, erms, clmul, bmi1, bmi2, adx, avx512f, avx512dq, avx512cd, avx512bw, avx512vl, sha, fma, vzeroupper, avx512_vpopcntdq, avx512_vpclmulqdq, avx512_vaes, avx512_vnni, clflush, clflushopt, clwb, avx512_vbmi2, avx512_vbmi, hv, rdtscp, rdpid, fsrm, gfni, avx512_bitalg, f16c, cet_ibt, cet_ss, avx512_ifma
Processor Information for the first 16 processors :
  Max Mhz: 2304, Current Mhz: 2304, Mhz Limit: 2304

Memory: 4k page, system-wide physical 16125M (808M free)
TotalPageFile size 53840M (AvailPageFile size 4M)
current process WorkingSet (physical memory assigned to process): 160M, peak: 160M
current process commit charge ("private bytes"): 304M, peak: 305M

vm_info: OpenJDK 64-Bit Server VM (21.0.9+10-LTS) for windows-amd64 JRE (21.0.9+10-LTS), built on 2025-10-21T00:00:00Z by "admin" with unknown MS VC++:1942

END.
